../Core/Src/main.c:20:5:main	56	static,ignoring_inline_asm
../Core/Src/main.c:113:6:setup_pin_states	8	static
../Core/Src/main.c:135:6:LED_blinky	8	static
../Core/Src/main.c:182:6:testFunc	16	static
../Core/Src/main.c:206:6:SystemClock_Config	80	static
../Core/Src/main.c:251:13:MX_ADC_Init	24	static
../Core/Src/main.c:387:13:MX_TIM2_Init	48	static
../Core/Src/main.c:443:13:MX_DMA_Init	16	static
../Core/Src/main.c:461:13:MX_GPIO_Init	48	static
../Core/Src/main.c:526:6:Error_Handler	4	static,ignoring_inline_asm
